Executing action: all (aliases: build)
Running ninja in directory /Users/user/projects/ESP32-Px-RGB-Matrix/build
Executing "ninja all"...
[1/21] Linking C static library esp-idf/nvs_sec_provider/libnvs_sec_provider.a
[2/21] Linking C static library esp-idf/rt/librt.a
[3/21] Linking C static library esp-idf/esp_hid/libesp_hid.a
[4/21] Linking C static library esp-idf/esp_local_ctrl/libesp_local_ctrl.a
[5/21] Linking C static library esp-idf/mqtt/libmqtt.a
[6/21] Linking C static library esp-idf/perfmon/libperfmon.a
[7/21] Linking C static library esp-idf/touch_element/libtouch_element.a
[8/21] Linking C static library esp-idf/espcoredump/libespcoredump.a
[9/21] Linking C static library esp-idf/Middleware/libMiddleware.a
[10/21] Linking C static library esp-idf/usb/libusb.a
[11/21] Linking C static library esp-idf/wifi_provisioning/libwifi_provisioning.a
[12/21] Building C object esp-idf/main/CMakeFiles/__idf_main.dir/main.c.obj
FAILED: esp-idf/main/CMakeFiles/__idf_main.dir/main.c.obj 
/Users/user/.espressif/tools/xtensa-esp-elf/esp-14.2.0_20260121/xtensa-esp-elf/bin/xtensa-esp32s3-elf-gcc -DESP_PLATFORM -DIDF_VER=\"v5.5.4\" -DLV_CONF_INCLUDE_SIMPLE -DSOC_MMU_PAGE_SIZE=CONFIG_MMU_PAGE_SIZE -DSOC_XTAL_FREQ_MHZ=CONFIG_XTAL_FREQ -D_GLIBCXX_HAVE_POSIX_SEMAPHORE -D_GLIBCXX_USE_POSIX_SEMAPHORE -D_GNU_SOURCE -D_POSIX_READER_WRITER_LOCKS -I/Users/user/projects/ESP32-Px-RGB-Matrix/build/config -I/Users/user/projects/ESP32-Px-RGB-Matrix/main -I/Users/user/.espressif/v5.5.4/esp-idf/components/newlib/platform_include -I/Users/user/.espressif/v5.5.4/esp-idf/components/freertos/config/include -I/Users/user/.espressif/v5.5.4/esp-idf/components/freertos/config/include/freertos -I/Users/user/.espressif/v5.5.4/esp-idf/components/freertos/config/xtensa/include -I/Users/user/.espressif/v5.5.4/esp-idf/components/freertos/FreeRTOS-Kernel/include -I/Users/user/.espressif/v5.5.4/esp-idf/components/freertos/FreeRTOS-Kernel/portable/xtensa/include -I/Users/user/.espressif/v5.5.4/esp-idf/components/freertos/FreeRTOS-Kernel/portable/xtensa/include/freertos -I/Users/user/.espressif/v5.5.4/esp-idf/components/freertos/esp_additions/include -I/Users/user/.espressif/v5.5.4/esp-idf/components/esp_hw_support/include -I/Users/user/.espressif/v5.5.4/esp-idf/components/esp_hw_support/include/soc -I/Users/user/.espressif/v5.5.4/esp-idf/components/esp_hw_support/include/soc/esp32s3 -I/Users/user/.espressif/v5.5.4/esp-idf/components/esp_hw_support/dma/include -I/Users/user/.espressif/v5.5.4/esp-idf/components/esp_hw_support/ldo/include -I/Users/user/.espressif/v5.5.4/esp-idf/components/esp_hw_support/debug_probe/include -I/Users/user/.espressif/v5.5.4/esp-idf/components/esp_hw_support/mspi_timing_tuning/include -I/Users/user/.espressif/v5.5.4/esp-idf/components/esp_hw_support/mspi_timing_tuning/tuning_scheme_impl/include -I/Users/user/.espressif/v5.5.4/esp-idf/components/esp_hw_support/power_supply/include -I/Users/user/.espressif/v5.5.4/esp-idf/components/esp_hw_support/port/esp32s3/. -I/Users/user/.espressif/v5.5.4/esp-idf/components/esp_hw_support/port/esp32s3/include -I/Users/user/.espressif/v5.5.4/esp-idf/components/esp_hw_support/mspi_timing_tuning/port/esp32s3/. -I/Users/user/.espressif/v5.5.4/esp-idf/components/esp_hw_support/mspi_timing_tuning/port/esp32s3/include -I/Users/user/.espressif/v5.5.4/esp-idf/components/heap/include -I/Users/user/.espressif/v5.5.4/esp-idf/components/heap/tlsf -I/Users/user/.espressif/v5.5.4/esp-idf/components/log/include -I/Users/user/.espressif/v5.5.4/esp-idf/components/soc/include -I/Users/user/.espressif/v5.5.4/esp-idf/components/soc/esp32s3 -I/Users/user/.espressif/v5.5.4/esp-idf/components/soc/esp32s3/include -I/Users/user/.espressif/v5.5.4/esp-idf/components/soc/esp32s3/register -I/Users/user/.espressif/v5.5.4/esp-idf/components/hal/platform_port/include -I/Users/user/.espressif/v5.5.4/esp-idf/components/hal/esp32s3/include -I/Users/user/.espressif/v5.5.4/esp-idf/components/hal/include -I/Users/user/.espressif/v5.5.4/esp-idf/components/esp_rom/include -I/Users/user/.espressif/v5.5.4/esp-idf/components/esp_rom/esp32s3/include -I/Users/user/.espressif/v5.5.4/esp-idf/components/esp_rom/esp32s3/include/esp32s3 -I/Users/user/.espressif/v5.5.4/esp-idf/components/esp_rom/esp32s3 -I/Users/user/.espressif/v5.5.4/esp-idf/components/esp_common/include -I/Users/user/.espressif/v5.5.4/esp-idf/components/esp_system/include -I/Users/user/.espressif/v5.5.4/esp-idf/components/esp_system/port/soc -I/Users/user/.espressif/v5.5.4/esp-idf/components/esp_system/port/include/private -I/Users/user/.espressif/v5.5.4/esp-idf/components/xtensa/esp32s3/include -I/Users/user/.espressif/v5.5.4/esp-idf/components/xtensa/include -I/Users/user/.espressif/v5.5.4/esp-idf/components/xtensa/deprecated_include -I/Users/user/.espressif/v5.5.4/esp-idf/components/lwip/include -I/Users/user/.espressif/v5.5.4/esp-idf/components/lwip/include/apps -I/Users/user/.espressif/v5.5.4/esp-idf/components/lwip/include/apps/sntp -I/Users/user/.espressif/v5.5.4/esp-idf/components/lwip/lwip/src/include -I/Users/user/.espressif/v5.5.4/esp-idf/components/lwip/port/include -I/Users/user/.espressif/v5.5.4/esp-idf/components/lwip/port/freertos/include -I/Users/user/.espressif/v5.5.4/esp-idf/components/lwip/port/esp32xx/include -I/Users/user/.espressif/v5.5.4/esp-idf/components/lwip/port/esp32xx/include/arch -I/Users/user/.espressif/v5.5.4/esp-idf/components/lwip/port/esp32xx/include/sys -I/Users/user/projects/ESP32-Px-RGB-Matrix/components/esp32_s3_matrix/include -I/Users/user/projects/ESP32-Px-RGB-Matrix/managed_components/lvgl__lvgl -I/Users/user/projects/ESP32-Px-RGB-Matrix/managed_components/lvgl__lvgl/src -I/Users/user/projects/ESP32-Px-RGB-Matrix/managed_components -I/Users/user/projects/ESP32-Px-RGB-Matrix/managed_components/lvgl__lvgl/examples -I/Users/user/projects/ESP32-Px-RGB-Matrix/managed_components/lvgl__lvgl/demos -I/Users/user/projects/ESP32-Px-RGB-Matrix/managed_components/esphome__esp-hub75/include -I/Users/user/projects/ESP32-Px-RGB-Matrix/managed_components/esphome__esp-hub75/src -I/Users/user/.espressif/v5.5.4/esp-idf/components/driver/deprecated -I/Users/user/.espressif/v5.5.4/esp-idf/components/driver/i2c/include -I/Users/user/.espressif/v5.5.4/esp-idf/components/driver/touch_sensor/include -I/Users/user/.espressif/v5.5.4/esp-idf/components/driver/twai/include -I/Users/user/.espressif/v5.5.4/esp-idf/components/driver/touch_sensor/esp32s3/include -I/Users/user/.espressif/v5.5.4/esp-idf/components/esp_pm/include -I/Users/user/.espressif/v5.5.4/esp-idf/components/esp_ringbuf/include -I/Users/user/.espressif/v5.5.4/esp-idf/components/esp_driver_gpio/include -I/Users/user/.espressif/v5.5.4/esp-idf/components/esp_driver_pcnt/include -I/Users/user/.espressif/v5.5.4/esp-idf/components/esp_driver_gptimer/include -I/Users/user/.espressif/v5.5.4/esp-idf/components/esp_driver_spi/include -I/Users/user/.espressif/v5.5.4/esp-idf/components/esp_driver_mcpwm/include -I/Users/user/.espressif/v5.5.4/esp-idf/components/esp_driver_ana_cmpr/include -I/Users/user/.espressif/v5.5.4/esp-idf/components/esp_driver_i2s/include -I/Users/user/.espressif/v5.5.4/esp-idf/components/esp_driver_sdmmc/include -I/Users/user/.espressif/v5.5.4/esp-idf/components/sdmmc/include -I/Users/user/.espressif/v5.5.4/esp-idf/components/esp_driver_sdspi/include -I/Users/user/.espressif/v5.5.4/esp-idf/components/esp_driver_sdio/include -I/Users/user/.espressif/v5.5.4/esp-idf/components/esp_driver_dac/include -I/Users/user/.espressif/v5.5.4/esp-idf/components/esp_driver_rmt/include -I/Users/user/.espressif/v5.5.4/esp-idf/components/esp_driver_tsens/include -I/Users/user/.espressif/v5.5.4/esp-idf/components/esp_driver_sdm/include -I/Users/user/.espressif/v5.5.4/esp-idf/components/esp_driver_i2c/include -I/Users/user/.espressif/v5.5.4/esp-idf/components/esp_driver_uart/include -I/Users/user/.espressif/v5.5.4/esp-idf/components/vfs/include -I/Users/user/.espressif/v5.5.4/esp-idf/components/esp_driver_ledc/include -I/Users/user/.espressif/v5.5.4/esp-idf/components/esp_driver_parlio/include -I/Users/user/.espressif/v5.5.4/esp-idf/components/esp_driver_usb_serial_jtag/include -I/Users/user/.espressif/v5.5.4/esp-idf/components/esp_driver_twai/include -I/Users/user/.espressif/v5.5.4/esp-idf/components/esp_timer/include -I/Users/user/projects/ESP32-Px-RGB-Matrix/managed_components/espressif__esp_lvgl_port/include -I/Users/user/.espressif/v5.5.4/esp-idf/components/esp_lcd/include -I/Users/user/.espressif/v5.5.4/esp-idf/components/esp_lcd/interface -I/Users/user/.espressif/v5.5.4/esp-idf/components/esp_lcd/rgb/include -I/Users/user/projects/ESP32-Px-RGB-Matrix/managed_components/espressif__esp_codec_dev/include -I/Users/user/projects/ESP32-Px-RGB-Matrix/managed_components/espressif__esp_codec_dev/interface -I/Users/user/projects/ESP32-Px-RGB-Matrix/managed_components/espressif__esp_codec_dev/device/include -I/Users/user/.espressif/v5.5.4/esp-idf/components/fatfs/diskio -I/Users/user/.espressif/v5.5.4/esp-idf/components/fatfs/src -I/Users/user/.espressif/v5.5.4/esp-idf/components/fatfs/vfs -I/Users/user/.espressif/v5.5.4/esp-idf/components/wear_levelling/include -I/Users/user/.espressif/v5.5.4/esp-idf/components/esp_partition/include -I/Users/user/.espressif/v5.5.4/esp-idf/components/spiffs/include -I/Users/user/projects/ESP32-Px-RGB-Matrix/managed_components/espressif__button/include -I/Users/user/projects/ESP32-Px-RGB-Matrix/managed_components/espressif__button/interface -I/Users/user/.espressif/v5.5.4/esp-idf/components/esp_adc/include -I/Users/user/.espressif/v5.5.4/esp-idf/components/esp_adc/interface -I/Users/user/.espressif/v5.5.4/esp-idf/components/esp_adc/esp32s3/include -I/Users/user/.espressif/v5.5.4/esp-idf/components/esp_adc/deprecated/include -I/Users/user/.espressif/v5.5.4/esp-idf/components/esp_netif/include -I/Users/user/.espressif/v5.5.4/esp-idf/components/esp_event/include -I/Users/user/.espressif/v5.5.4/esp-idf/components/esp_wifi/include -I/Users/user/.espressif/v5.5.4/esp-idf/components/esp_wifi/include/local -I/Users/user/.espressif/v5.5.4/esp-idf/components/esp_wifi/wifi_apps/include -I/Users/user/.espressif/v5.5.4/esp-idf/components/esp_wifi/wifi_apps/nan_app/include -I/Users/user/.espressif/v5.5.4/esp-idf/components/esp_phy/include -I/Users/user/.espressif/v5.5.4/esp-idf/components/esp_phy/esp32s3/include -I/Users/user/.espressif/v5.5.4/esp-idf/components/nvs_flash/include -I/Users/user/projects/ESP32-Px-RGB-Matrix/managed_components/pedrominatel__shtc3/include -I/Users/user/projects/ESP32-Px-RGB-Matrix/managed_components/waveshare__pcf85063a/include -I/Users/user/projects/ESP32-Px-RGB-Matrix/components/Middleware/SD -I/Users/user/projects/ESP32-Px-RGB-Matrix/components/Middleware/WiFi -I/Users/user/projects/ESP32-Px-RGB-Matrix/components/Middleware/Sensor -I/Users/user/projects/ESP32-Px-RGB-Matrix/components/Middleware/Audio -I/Users/user/projects/ESP32-Px-RGB-Matrix/components/Middleware/RTC -I/Users/user/projects/ESP32-Px-RGB-Matrix/components/Middleware/UI -I/Users/user/projects/ESP32-Px-RGB-Matrix/managed_components/espressif__esp_jpeg/include -I/Users/user/projects/ESP32-Px-RGB-Matrix/managed_components/waveshare__qmi8658/include @"/Users/user/projects/ESP32-Px-RGB-Matrix/build/toolchain/cflags" -fdiagnostics-color=always -fdiagnostics-color=always -ffunction-sections -fdata-sections -Wall -Werror=all -Wno-error=unused-function -Wno-error=unused-variable -Wno-error=unused-but-set-variable -Wno-error=deprecated-declarations -Wextra -Wno-error=extra -Wno-unused-parameter -Wno-sign-compare -Wno-enum-conversion -gdwarf-4 -ggdb -Os -freorder-blocks -fmacro-prefix-map=/Users/user/projects/ESP32-Px-RGB-Matrix=. -fmacro-prefix-map=/Users/user/.espressif/v5.5.4/esp-idf=/IDF -fstrict-volatile-bitfields -fno-jump-tables -fno-tree-switch-conversion -std=gnu17 -Wno-old-style-declaration -DBUTTON_VER_MAJOR=4 -DBUTTON_VER_MINOR=1 -DBUTTON_VER_PATCH=6 -MD -MT esp-idf/main/CMakeFiles/__idf_main.dir/main.c.obj -MF esp-idf/main/CMakeFiles/__idf_main.dir/main.c.obj.d -o esp-idf/main/CMakeFiles/__idf_main.dir/main.c.obj -c /Users/user/projects/ESP32-Px-RGB-Matrix/main/main.c
/Users/user/projects/ESP32-Px-RGB-Matrix/main/main.c: In function 'tabview_init':
/Users/user/projects/ESP32-Px-RGB-Matrix/main/main.c:75:13: error: too many arguments to function 'lv_tabview_create'
   75 |   tabview = lv_tabview_create(scr, LV_DIR_TOP, 25);
      |             ^~~~~~~~~~~~~~~~~
In file included from /Users/user/projects/ESP32-Px-RGB-Matrix/managed_components/lvgl__lvgl/lvgl.h:84,
                 from /Users/user/projects/ESP32-Px-RGB-Matrix/components/esp32_s3_matrix/include/bsp/display.h:3,
                 from /Users/user/projects/ESP32-Px-RGB-Matrix/main/main.c:1:
/Users/user/projects/ESP32-Px-RGB-Matrix/managed_components/lvgl__lvgl/src/widgets/tabview/lv_tabview.h:36:12: note: declared here
   36 | lv_obj_t * lv_tabview_create(lv_obj_t * parent);
      |            ^~~~~~~~~~~~~~~~~
/Users/user/projects/ESP32-Px-RGB-Matrix/main/main.c: In function 'button_init':
/Users/user/projects/ESP32-Px-RGB-Matrix/main/main.c:104:19: error: implicit declaration of function 'bsp_iot_button_create'; did you mean 'iot_button_create'? [-Wimplicit-function-declaration]
  104 |   esp_err_t ret = bsp_iot_button_create(btn_array, &btn_cnt, BSP_BUTTON_NUM);
      |                   ^~~~~~~~~~~~~~~~~~~~~
      |                   iot_button_create
[13/21] Performing build step for 'bootloader'
[1/123] Building C object esp-idf/log/CMakeFiles/__idf_log.dir/src/noos/util.c.obj
[2/123] Building C object esp-idf/esp_rom/CMakeFiles/__idf_esp_rom.dir/patches/esp_rom_crc.c.obj
[3/123] Building C object esp-idf/log/CMakeFiles/__idf_log.dir/src/util.c.obj
[4/123] Building C object esp-idf/log/CMakeFiles/__idf_log.dir/src/noos/log_lock.c.obj
[5/123] Building C object esp-idf/log/CMakeFiles/__idf_log.dir/src/log_timestamp_common.c.obj
[6/123] Building C object esp-idf/log/CMakeFiles/__idf_log.dir/src/log_format_text.c.obj
[7/123] Building C object esp-idf/log/CMakeFiles/__idf_log.dir/src/noos/log_timestamp.c.obj
[8/123] Building C object esp-idf/log/CMakeFiles/__idf_log.dir/src/log_print.c.obj
[9/123] Building C object esp-idf/esp_rom/CMakeFiles/__idf_esp_rom.dir/patches/esp_rom_sys.c.obj
[10/123] Building C object esp-idf/log/CMakeFiles/__idf_log.dir/src/log.c.obj
[11/123] Building C object esp-idf/log/CMakeFiles/__idf_log.dir/src/buffer/log_buffers.c.obj
[12/123] Building ASM object esp-idf/esp_rom/CMakeFiles/__idf_esp_rom.dir/patches/esp_rom_longjmp.S.obj
[13/123] Building C object esp-idf/esp_rom/CMakeFiles/__idf_esp_rom.dir/patches/esp_rom_efuse.c.obj
[14/123] Building C object esp-idf/esp_rom/CMakeFiles/__idf_esp_rom.dir/patches/esp_rom_gpio.c.obj
[15/123] Building ASM object esp-idf/esp_rom/CMakeFiles/__idf_esp_rom.dir/patches/esp_rom_cache_writeback_esp32s3.S.obj
[16/123] Building C object esp-idf/esp_rom/CMakeFiles/__idf_esp_rom.dir/patches/esp_rom_print.c.obj
[17/123] Building C object esp-idf/esp_rom/CMakeFiles/__idf_esp_rom.dir/patches/esp_rom_systimer.c.obj
[18/123] Building C object esp-idf/esp_rom/CMakeFiles/__idf_esp_rom.dir/patches/esp_rom_spiflash.c.obj
[19/123] Building C object esp-idf/esp_rom/CMakeFiles/__idf_esp_rom.dir/patches/esp_rom_wdt.c.obj
[20/123] Building C object esp-idf/esp_rom/CMakeFiles/__idf_esp_rom.dir/patches/esp_rom_uart.c.obj
[21/123] Building C object esp-idf/esp_common/CMakeFiles/__idf_esp_common.dir/src/esp_err_to_name.c.obj
[22/123] Building C object esp-idf/esp_rom/CMakeFiles/__idf_esp_rom.dir/patches/esp_rom_cache_esp32s2_esp32s3.c.obj
[23/123] Linking C static library esp-idf/log/liblog.a
[24/123] Building C object esp-idf/esp_hw_support/CMakeFiles/__idf_esp_hw_support.dir/esp_memory_utils.c.obj
[25/123] Building C object esp-idf/esp_hw_support/CMakeFiles/__idf_esp_hw_support.dir/port/esp32s3/esp_cpu_intr.c.obj
[26/123] Building C object esp-idf/esp_hw_support/CMakeFiles/__idf_esp_hw_support.dir/port/esp32s3/cpu_region_protect.c.obj
[27/123] Building C object esp-idf/esp_hw_support/CMakeFiles/__idf_esp_hw_support.dir/port/esp32s3/rtc_clk_init.c.obj
[28/123] Building C object esp-idf/esp_hw_support/CMakeFiles/__idf_esp_hw_support.dir/cpu.c.obj
[29/123] Building C object esp-idf/esp_hw_support/CMakeFiles/__idf_esp_hw_support.dir/port/esp32s3/chip_info.c.obj
[30/123] Building C object esp-idf/esp_system/CMakeFiles/__idf_esp_system.dir/esp_err.c.obj
[31/123] Building C object esp-idf/efuse/CMakeFiles/__idf_efuse.dir/esp32s3/esp_efuse_fields.c.obj
[32/123] Building C object esp-idf/efuse/CMakeFiles/__idf_efuse.dir/esp32s3/esp_efuse_table.c.obj
[33/123] Linking C static library esp-idf/esp_rom/libesp_rom.a
[34/123] Building C object esp-idf/efuse/CMakeFiles/__idf_efuse.dir/esp32s3/esp_efuse_rtc_calib.c.obj
[35/123] Building C object esp-idf/esp_hw_support/CMakeFiles/__idf_esp_hw_support.dir/port/esp32s3/rtc_time.c.obj
[36/123] Building C object esp-idf/esp_hw_support/CMakeFiles/__idf_esp_hw_support.dir/port/esp32s3/rtc_sleep.c.obj
[37/123] Building C object esp-idf/efuse/CMakeFiles/__idf_efuse.dir/src/esp_efuse_fields.c.obj
[38/123] Linking C static library esp-idf/esp_common/libesp_common.a
[39/123] Building C object esp-idf/esp_hw_support/CMakeFiles/__idf_esp_hw_support.dir/port/esp32s3/rtc_init.c.obj
[40/123] Building C object esp-idf/efuse/CMakeFiles/__idf_efuse.dir/esp32s3/esp_efuse_utility.c.obj
[41/123] Building C object esp-idf/bootloader_support/CMakeFiles/__idf_bootloader_support.dir/src/bootloader_clock_init.c.obj
[42/123] Building C object esp-idf/bootloader_support/CMakeFiles/__idf_bootloader_support.dir/src/bootloader_mem.c.obj
[43/123] Building C object esp-idf/bootloader_support/CMakeFiles/__idf_bootloader_support.dir/src/bootloader_random.c.obj
[44/123] Building C object esp-idf/bootloader_support/CMakeFiles/__idf_bootloader_support.dir/src/bootloader_efuse.c.obj
[45/123] Building C object esp-idf/bootloader_support/CMakeFiles/__idf_bootloader_support.dir/src/secure_boot.c.obj
[46/123] Building C object esp-idf/bootloader_support/CMakeFiles/__idf_bootloader_support.dir/src/bootloader_common.c.obj
[47/123] Building C object esp-idf/efuse/CMakeFiles/__idf_efuse.dir/src/esp_efuse_api.c.obj
[48/123] Building C object esp-idf/bootloader_support/CMakeFiles/__idf_bootloader_support.dir/src/flash_encrypt.c.obj
[49/123] Building C object esp-idf/bootloader_support/CMakeFiles/__idf_bootloader_support.dir/src/bootloader_random_esp32s3.c.obj
[50/123] Building C object esp-idf/bootloader_support/CMakeFiles/__idf_bootloader_support.dir/src/bootloader_common_loader.c.obj
[51/123] Building C object esp-idf/efuse/CMakeFiles/__idf_efuse.dir/src/efuse_controller/keys/with_key_purposes/esp_efuse_api_key.c.obj
[52/123] Building C object esp-idf/bootloader_support/CMakeFiles/__idf_bootloader_support.dir/src/flash_partitions.c.obj
[53/123] Building C object esp-idf/bootloader_support/CMakeFiles/__idf_bootloader_support.dir/bootloader_flash/src/flash_qio_mode.c.obj
[54/123] Building C object esp-idf/esp_hw_support/CMakeFiles/__idf_esp_hw_support.dir/port/esp32s3/rtc_clk.c.obj
[55/123] Building C object esp-idf/efuse/CMakeFiles/__idf_efuse.dir/src/esp_efuse_utility.c.obj
[56/123] Building C object esp-idf/bootloader_support/CMakeFiles/__idf_bootloader_support.dir/src/bootloader_clock_loader.c.obj
[57/123] Building C object esp-idf/bootloader_support/CMakeFiles/__idf_bootloader_support.dir/src/bootloader_sha.c.obj
[58/123] Building C object esp-idf/bootloader_support/CMakeFiles/__idf_bootloader_support.dir/bootloader_flash/src/bootloader_flash_config_esp32s3.c.obj
[59/123] Building C object esp-idf/bootloader_support/CMakeFiles/__idf_bootloader_support.dir/src/esp32s3/bootloader_soc.c.obj
[60/123] Building C object esp-idf/bootloader_support/CMakeFiles/__idf_bootloader_support.dir/src/bootloader_init.c.obj
[61/123] Building C object esp-idf/bootloader_support/CMakeFiles/__idf_bootloader_support.dir/src/bootloader_console.c.obj
[62/123] Building C object esp-idf/esp_bootloader_format/CMakeFiles/__idf_esp_bootloader_format.dir/esp_bootloader_desc.c.obj
[63/123] Linking C static library esp-idf/esp_hw_support/libesp_hw_support.a
[64/123] Building C object esp-idf/bootloader_support/CMakeFiles/__idf_bootloader_support.dir/src/bootloader_console_loader.c.obj
[65/123] Building C object esp-idf/bootloader_support/CMakeFiles/__idf_bootloader_support.dir/src/bootloader_panic.c.obj
[66/123] Building C object esp-idf/bootloader_support/CMakeFiles/__idf_bootloader_support.dir/src/esp32s3/bootloader_esp32s3.c.obj
[67/123] Linking C static library esp-idf/esp_system/libesp_system.a
[68/123] Building C object esp-idf/spi_flash/CMakeFiles/__idf_spi_flash.dir/spi_flash_wrap.c.obj
[69/123] Building C object esp-idf/hal/CMakeFiles/__idf_hal.dir/hal_utils.c.obj
[70/123] Building C object esp-idf/hal/CMakeFiles/__idf_hal.dir/efuse_hal.c.obj
[71/123] Building C object esp-idf/hal/CMakeFiles/__idf_hal.dir/mpu_hal.c.obj
[72/123] Building C object esp-idf/hal/CMakeFiles/__idf_hal.dir/esp32s3/efuse_hal.c.obj
[73/123] Building C object esp-idf/bootloader_support/CMakeFiles/__idf_bootloader_support.dir/bootloader_flash/src/bootloader_flash.c.obj
[74/123] Building C object esp-idf/soc/CMakeFiles/__idf_soc.dir/dport_access_common.c.obj
[75/123] Building C object esp-idf/hal/CMakeFiles/__idf_hal.dir/mmu_hal.c.obj
[76/123] Building C object esp-idf/hal/CMakeFiles/__idf_hal.dir/cache_hal.c.obj
[77/123] Building C object esp-idf/soc/CMakeFiles/__idf_soc.dir/esp32s3/interrupts.c.obj
[78/123] Building C object esp-idf/soc/CMakeFiles/__idf_soc.dir/lldesc.c.obj
[79/123] Building C object esp-idf/soc/CMakeFiles/__idf_soc.dir/esp32s3/gpio_periph.c.obj
[80/123] Linking C static library esp-idf/efuse/libefuse.a
[81/123] Building C object esp-idf/soc/CMakeFiles/__idf_soc.dir/esp32s3/uart_periph.c.obj
[82/123] Building C object esp-idf/soc/CMakeFiles/__idf_soc.dir/esp32s3/adc_periph.c.obj
[83/123] Building C object esp-idf/soc/CMakeFiles/__idf_soc.dir/esp32s3/gdma_periph.c.obj
[84/123] Building C object esp-idf/soc/CMakeFiles/__idf_soc.dir/esp32s3/dedic_gpio_periph.c.obj
[85/123] Building C object esp-idf/soc/CMakeFiles/__idf_soc.dir/esp32s3/sdm_periph.c.obj
[86/123] Building C object esp-idf/soc/CMakeFiles/__idf_soc.dir/esp32s3/ledc_periph.c.obj
[87/123] Building C object esp-idf/soc/CMakeFiles/__idf_soc.dir/esp32s3/pcnt_periph.c.obj
[88/123] Building C object esp-idf/soc/CMakeFiles/__idf_soc.dir/esp32s3/spi_periph.c.obj
[89/123] Building C object esp-idf/soc/CMakeFiles/__idf_soc.dir/esp32s3/rmt_periph.c.obj
[90/123] Building C object esp-idf/bootloader_support/CMakeFiles/__idf_bootloader_support.dir/src/bootloader_utility.c.obj
[91/123] Building C object esp-idf/soc/CMakeFiles/__idf_soc.dir/esp32s3/i2s_periph.c.obj
[92/123] Building C object esp-idf/soc/CMakeFiles/__idf_soc.dir/esp32s3/i2c_periph.c.obj
[93/123] Building C object esp-idf/soc/CMakeFiles/__idf_soc.dir/esp32s3/lcd_periph.c.obj
[94/123] Building C object esp-idf/soc/CMakeFiles/__idf_soc.dir/esp32s3/temperature_sensor_periph.c.obj
[95/123] Building C object esp-idf/soc/CMakeFiles/__idf_soc.dir/esp32s3/timer_periph.c.obj
[96/123] Building C object esp-idf/soc/CMakeFiles/__idf_soc.dir/esp32s3/mcpwm_periph.c.obj
[97/123] Building C object esp-idf/soc/CMakeFiles/__idf_soc.dir/esp32s3/touch_sensor_periph.c.obj
[98/123] Building C object esp-idf/soc/CMakeFiles/__idf_soc.dir/esp32s3/mpi_periph.c.obj
[99/123] Building C object esp-idf/bootloader_support/CMakeFiles/__idf_bootloader_support.dir/src/esp_image_format.c.obj
[100/123] Generating project_elf_src_esp32s3.c
[101/123] Building C object esp-idf/soc/CMakeFiles/__idf_soc.dir/esp32s3/sdmmc_periph.c.obj
[102/123] Building C object esp-idf/soc/CMakeFiles/__idf_soc.dir/esp32s3/twai_periph.c.obj
[103/123] Building C object esp-idf/soc/CMakeFiles/__idf_soc.dir/esp32s3/usb_dwc_periph.c.obj
[104/123] Building C object esp-idf/soc/CMakeFiles/__idf_soc.dir/esp32s3/wdt_periph.c.obj
[105/123] Building C object esp-idf/soc/CMakeFiles/__idf_soc.dir/esp32s3/cam_periph.c.obj
[106/123] Building C object esp-idf/soc/CMakeFiles/__idf_soc.dir/esp32s3/power_supply_periph.c.obj
[107/123] Building C object esp-idf/xtensa/CMakeFiles/__idf_xtensa.dir/eri.c.obj
[108/123] Building C object esp-idf/soc/CMakeFiles/__idf_soc.dir/esp32s3/rtc_io_periph.c.obj
[109/123] Building C object esp-idf/xtensa/CMakeFiles/__idf_xtensa.dir/xt_trax.c.obj
[110/123] Building C object CMakeFiles/bootloader.elf.dir/project_elf_src_esp32s3.c.obj
[111/123] Building C object esp-idf/main/CMakeFiles/__idf_main.dir/bootloader_start.c.obj
[112/123] Linking C static library esp-idf/bootloader_support/libbootloader_support.a
[113/123] Linking C static library esp-idf/esp_bootloader_format/libesp_bootloader_format.a
[114/123] Linking C static library esp-idf/spi_flash/libspi_flash.a
[115/123] Linking C static library esp-idf/hal/libhal.a
[116/123] Building C object esp-idf/micro-ecc/CMakeFiles/__idf_micro-ecc.dir/uECC_verify_antifault.c.obj
[117/123] Linking C static library esp-idf/micro-ecc/libmicro-ecc.a
[118/123] Linking C static library esp-idf/soc/libsoc.a
[119/123] Linking C static library esp-idf/xtensa/libxtensa.a
[120/123] Linking C static library esp-idf/main/libmain.a
[121/123] Linking C executable bootloader.elf
[122/123] Generating binary image from built executable
esptool.py v4.12.dev1
Creating esp32s3 image...
Merged 2 ELF sections
Successfully created esp32s3 image.
Generated /Users/user/projects/ESP32-Px-RGB-Matrix/build/bootloader/bootloader.bin
[123/123] cd /Users/user/projects/ESP32-Px-RGB-Matrix/build/bootloader/esp-idf/esptool_py && /Users/user/.espressif/tools/python/v5.5.4/venv/bin/python /Users/user/.espressif/v5.5.4/esp-idf/components/partition_table/check_sizes.py --offset 0x8000 bootloader 0x0 /Users/user/projects/ESP32-Px-RGB-Matrix/build/bootloader/bootloader.bin
Bootloader binary size 0x5160 bytes. 0x2ea0 bytes (36%) free.
ninja: build stopped: subcommand failed.
ninja failed with exit code 1, output of the command is in the /Users/user/projects/ESP32-Px-RGB-Matrix/build/log/idf_py_stderr_output_12825 and /Users/user/projects/ESP32-Px-RGB-Matrix/build/log/idf_py_stdout_output_12825
